 PhysXCooking_64

 Timestamp is 6421d668 (Mon Mar 27 13:46:16 2023)

 Preferred load address is 0000000180000000

 Start         Length     Name                   Class
 0001:00000000 00000060H .text$di                CODE
 0001:00000060 00004510H .text$mn                CODE
 0001:00004570 00000036H .text$mn$00             CODE
 0001:000045a6 00000092H .text$x                 CODE
 0002:00000000 00000158H .idata$5                DATA
 0002:00000158 00000038H .00cfg                  DATA
 0002:00000190 00000008H .CRT$XCA                DATA
 0002:00000198 00000030H .CRT$XCU                DATA
 0002:000001c8 00000008H .CRT$XCZ                DATA
 0002:000001d0 00000008H .CRT$XIA                DATA
 0002:000001d8 00000008H .CRT$XIZ                DATA
 0002:000001e0 00000008H .CRT$XPA                DATA
 0002:000001e8 00000008H .CRT$XPZ                DATA
 0002:000001f0 00000008H .CRT$XTA                DATA
 0002:000001f8 00000008H .CRT$XTZ                DATA
 0002:00000200 00000000H .gehcont$y              DATA
 0002:00000200 00000000H .gfids$y                DATA
 0002:00000200 00000680H .rdata                  DATA
 0002:00000880 00000000H .rdata$CastGuardVftablesA DATA
 0002:00000880 00000000H .rdata$CastGuardVftablesC DATA
 0002:00000880 00000074H .rdata$r                DATA
 0002:000008f4 00000098H .rdata$voltmd           DATA
 0002:0000098c 000003ccH .rdata$zzzdbg           DATA
 0002:00000d58 00000008H .rtc$IAA                DATA
 0002:00000d60 00000008H .rtc$IZZ                DATA
 0002:00000d68 00000008H .rtc$TAA                DATA
 0002:00000d70 00000008H .rtc$TZZ                DATA
 0002:00000d78 000003c0H .xdata                  DATA
 0002:00001138 00000040H .didat$2                DATA
 0002:00001178 00000020H .didat$3                DATA
 0002:00001198 000000f0H .didat$4                DATA
 0002:00001288 000002c8H .didat$6                DATA
 0002:00001550 000000f0H .didat$7                DATA
 0002:00001640 00000e04H .edata                  DATA
 0002:00002444 00000050H .idata$2                DATA
 0002:00002494 00000014H .idata$3                DATA
 0002:000024a8 00000158H .idata$4                DATA
 0002:00002600 00000372H .idata$6                DATA
 0003:00000000 00000058H .data                   DATA
 0003:00000058 000000b8H .data$r                 DATA
 0003:00000110 00000020H .data$rs                DATA
 0003:00000130 000000f0H .didat$5                DATA
 0003:00000220 00000130H .bss                    DATA
 0004:00000000 00000384H .pdata                  DATA
 0005:00000000 00002208H _RDATA                  DATA
 0006:00000000 000000a0H .rsrc$01                DATA
 0006:000000a0 000004b0H .rsrc$02                DATA

  Address         Publics by Value              Rva+Base               Lib:Object

 0000:00000000       __AbsoluteZero             0000000000000000     <absolute>
 0000:00000000       ___safe_se_handler_count   0000000000000000     <absolute>
 0000:00000000       ___safe_se_handler_table   0000000000000000     <absolute>
 0000:00000000       __arm64x_extra_rfe_table   0000000000000000     <absolute>
 0000:00000000       __arm64x_extra_rfe_table_size 0000000000000000     <absolute>
 0000:00000000       __arm64x_native_entrypoint 0000000000000000     <absolute>
 0000:00000000       __arm64x_redirection_metadata 0000000000000000     <absolute>
 0000:00000000       __arm64x_redirection_metadata_count 0000000000000000     <absolute>
 0000:00000000       __dynamic_value_reloc_table 0000000000000000     <absolute>
 0000:00000000       __enclave_config           0000000000000000     <absolute>
 0000:00000000       __guard_check_icall_a64n_fptr 0000000000000000     <absolute>
 0000:00000000       __guard_eh_cont_count      0000000000000000     <absolute>
 0000:00000000       __guard_eh_cont_table      0000000000000000     <absolute>
 0000:00000000       __guard_fids_count         0000000000000000     <absolute>
 0000:00000000       __guard_fids_table         0000000000000000     <absolute>
 0000:00000000       __guard_iat_count          0000000000000000     <absolute>
 0000:00000000       __guard_iat_table          0000000000000000     <absolute>
 0000:00000000       __guard_longjmp_count      0000000000000000     <absolute>
 0000:00000000       __guard_longjmp_table      0000000000000000     <absolute>
 0000:00000000       __hybrid_auxiliary_iat     0000000000000000     <absolute>
 0000:00000000       __hybrid_auxiliary_iat_copy 0000000000000000     <absolute>
 0000:00000000       __hybrid_code_map          0000000000000000     <absolute>
 0000:00000000       __hybrid_code_map_count    0000000000000000     <absolute>
 0000:00000000       __x64_code_ranges_to_entry_points 0000000000000000     <absolute>
 0000:00000000       __x64_code_ranges_to_entry_points_count 0000000000000000     <absolute>
 0000:00000100       __guard_flags              0000000000000100     <absolute>
 0000:00000000       __ImageBase                0000000180000000     <linker-defined>
 0001:00000060       ??$copy@V?$PxReflectionAllocator@USlab@NodeAllocator@Gu@physx@@@physx@@@?$PxArray@USlab@NodeAllocator@Gu@physx@@V?$PxReflectionAllocator@USlab@NodeAllocator@Gu@physx@@@4@@physx@@IEAAXAEBV01@@Z 0000000180001060 f i Cooking.obj
 0001:000000e0       ??0AABBTreeBounds@Gu@physx@@QEAA@XZ 00000001800010e0 f i Cooking.obj
 0001:000000f0       ??0AABBTreeBuildNode@Gu@physx@@QEAA@AEBV012@@Z 00000001800010f0 f i Cooking.obj
 0001:000000f0       ??4AABBTreeBuildNode@Gu@physx@@QEAAAEAV012@AEBV012@@Z 00000001800010f0 f i Cooking.obj
 0001:00000130       ??0AABBTreeBuildNode@Gu@physx@@QEAA@XZ 0000000180001130 f i Cooking.obj
 0001:00000130       ??4PxFoundation@physx@@QEAAAEAV01@AEBV01@@Z 0000000180001130 f i Cooking.obj
 0001:00000130       ?getAABB@AABBTreeBuildNode@Gu@physx@@QEBAAEBVPxBounds3@3@XZ 0000000180001130 f i Cooking.obj
 0001:00000140       ??0AABBTreeBuildParams@Gu@physx@@QEAA@IIPEBVAABBTreeBounds@12@W4BVHBuildStrategy@12@@Z 0000000180001140 f i Cooking.obj
 0001:00000160       ??0NodeAllocator@Gu@physx@@QEAA@AEBV012@@Z 0000000180001160 f i Cooking.obj
 0001:000001a0       ??0PxFoundation@physx@@QEAA@AEBV01@@Z 00000001800011a0 f i Cooking.obj
 0001:000001a0       ??0PxFoundation@physx@@QEAA@XZ 00000001800011a0 f i Cooking.obj
 0001:000001b0       ??0PxRenderOutput@physx@@QEAA@AEAVPxRenderBuffer@1@@Z 00000001800011b0 f i Cooking.obj
 0001:00000200       ??0PxRenderOutput@physx@@QEAA@AEBV01@@Z 0000000180001200 f i Cooking.obj
 0001:000002a0       ??1AABBTreeBounds@Gu@physx@@QEAA@XZ 00000001800012a0 f i Cooking.obj
 0001:000002b0       ??1AABBTreeBuildNode@Gu@physx@@QEAA@XZ 00000001800012b0 f i Cooking.obj
 0001:000002b0       _guard_check_icall_nop     00000001800012b0 f i MSVCRT:guard_support.obj
 0001:000002c0       ??1AABBTreeBuildParams@Gu@physx@@QEAA@XZ 00000001800012c0 f i Cooking.obj
 0001:000002c0       ?reset@AABBTreeBuildParams@Gu@physx@@QEAAXXZ 00000001800012c0 f i Cooking.obj
 0001:00000310       ??1PxFoundation@physx@@MEAA@XZ 0000000180001310 f i Cooking.obj
 0001:00000320       ??4AABBTreeBounds@Gu@physx@@QEAAAEAV012@AEBV012@@Z 0000000180001320 f i Cooking.obj
 0001:00000330       ??4AABBTreeBuildParams@Gu@physx@@QEAAAEAV012@AEBV012@@Z 0000000180001330 f i Cooking.obj
 0001:00000350       ??4NodeAllocator@Gu@physx@@QEAAAEAV012@AEBV012@@Z 0000000180001350 f i Cooking.obj
 0001:00000400       ??6PxRenderOutput@physx@@QEAAAEAV01@AEBV?$PxMat44T@M@1@@Z 0000000180001400 f i Cooking.obj
 0001:00000470       ??6PxRenderOutput@physx@@QEAAAEAV01@AEBV?$PxTransformT@M@1@@Z 0000000180001470 f i Cooking.obj
 0001:000005f0       ??6PxRenderOutput@physx@@QEAAAEAV01@AEBV?$PxVec3T@M@1@@Z 00000001800015f0 f i Cooking.obj
 0001:000008e0       ??6PxRenderOutput@physx@@QEAAAEAV01@I@Z 00000001800018e0 f i Cooking.obj
 0001:000008f0       ??6PxRenderOutput@physx@@QEAAAEAV01@W4Primitive@01@@Z 00000001800018f0 f i Cooking.obj
 0001:00000900       ??_EPxFoundation@physx@@MEAAPEAXI@Z 0000000180001900 f i Cooking.obj
 0001:00000990       ??_FAABBTreeBuildParams@Gu@physx@@QEAAXXZ 0000000180001990 f i Cooking.obj
 0001:000009b0       ??_ECooking@physx@@UEAAPEAXI@Z 00000001800019b0 f i Cooking.obj
 0001:000009b0       ??_GCooking@physx@@UEAAPEAXI@Z 00000001800019b0 f i Cooking.obj
 0001:00000a00       ??_EPxCooking@physx@@MEAAPEAXI@Z 0000000180001a00 f i Cooking.obj
 0001:00000a00       ??_GPxCooking@physx@@MEAAPEAXI@Z 0000000180001a00 f i Cooking.obj
 0001:00000a30       ?allocate@?$PxArray@USlab@NodeAllocator@Gu@physx@@V?$PxReflectionAllocator@USlab@NodeAllocator@Gu@physx@@@4@@physx@@IEAAPEAUSlab@NodeAllocator@Gu@2@I@Z 0000000180001a30 f i Cooking.obj
 0001:00000ad0       ?assembleSoftBodyMesh@Cooking@physx@@UEBAPEAVPxSoftBodyMesh@2@AEAVPxSimulationTetrahedronMeshData@2@AEAVPxCollisionTetrahedronMeshData@2@AEAVPxCollisionMeshMappingData@2@AEAVPxInsertionCallback@2@@Z 0000000180001ad0 f   Cooking.obj
 0001:00000af0       ?assembleSoftBodyMesh@Cooking@physx@@UEBAPEAVPxSoftBodyMesh@2@AEAVPxTetrahedronMeshData@2@AEAVPxSoftBodySimulationData@2@0AEAVPxSoftBodyCollisionData@2@AEAVPxCollisionMeshMappingData@2@AEAVPxInsertionCallback@2@@Z 0000000180001af0 f   Cooking.obj
 0001:00000b30       ?computeCollisionData@Cooking@physx@@UEBAPEAVPxCollisionTetrahedronMeshData@2@AEBVPxTetrahedronMeshDesc@2@@Z 0000000180001b30 f   Cooking.obj
 0001:00000b40       ?computeHullPolygons@Cooking@physx@@UEBA_NAEBVPxSimpleTriangleMesh@2@AEAVPxAllocatorCallback@2@AEAIAEAPEAV?$PxVec3T@M@2@2AEAPEAI2AEAPEAUPxHullPolygon@2@@Z 0000000180001b40 f   Cooking.obj
 0001:00000b50       ?computeModelsMapping@Cooking@physx@@UEBAPEAVPxCollisionMeshMappingData@2@AEAVPxTetrahedronMeshData@2@AEBV42@AEBVPxSoftBodyCollisionData@2@PEBUPxBoundedData@2@@Z 0000000180001b50 f   Cooking.obj
 0001:00000b60       ?computeSimulationData@Cooking@physx@@UEBAPEAVPxSimulationTetrahedronMeshData@2@AEBVPxTetrahedronMeshDesc@2@@Z 0000000180001b60 f   Cooking.obj
 0001:00000b70       ?cookBVH@Cooking@physx@@UEBA_NAEBVPxBVHDesc@2@AEAVPxOutputStream@2@@Z 0000000180001b70 f   Cooking.obj
 0001:00000b80       ?cookConvexMesh@Cooking@physx@@UEBA_NAEBVPxConvexMeshDesc@2@AEAVPxOutputStream@2@PEAW4Enum@PxConvexMeshCookingResult@2@@Z 0000000180001b80 f   Cooking.obj
 0001:00000b90       ?cookHeightField@Cooking@physx@@UEBA_NAEBVPxHeightFieldDesc@2@AEAVPxOutputStream@2@@Z 0000000180001b90 f   Cooking.obj
 0001:00000ba0       ?cookSoftBodyMesh@Cooking@physx@@UEBA_NAEBVPxTetrahedronMeshDesc@2@0AEBVPxSoftBodySimulationDataDesc@2@AEAVPxOutputStream@2@@Z 0000000180001ba0 f   Cooking.obj
 0001:00000bb0       ?cookTetrahedronMesh@Cooking@physx@@UEBA_NAEBVPxTetrahedronMeshDesc@2@AEAVPxOutputStream@2@@Z 0000000180001bb0 f   Cooking.obj
 0001:00000bc0       ?cookTriangleMesh@Cooking@physx@@UEBA_NAEBVPxTriangleMeshDesc@2@AEAVPxOutputStream@2@PEAW4Enum@PxTriangleMeshCookingResult@2@@Z 0000000180001bc0 f   Cooking.obj
 0001:00000bd0       ?createBVH@Cooking@physx@@UEBAPEAVPxBVH@2@AEBVPxBVHDesc@2@AEAVPxInsertionCallback@2@@Z 0000000180001bd0 f   Cooking.obj
 0001:00000be0       ?createConvexMesh@Cooking@physx@@UEBAPEAVPxConvexMesh@2@AEBVPxConvexMeshDesc@2@AEAVPxInsertionCallback@2@PEAW4Enum@PxConvexMeshCookingResult@2@@Z 0000000180001be0 f   Cooking.obj
 0001:00000bf0       ?createHeightField@Cooking@physx@@UEBAPEAVPxHeightField@2@AEBVPxHeightFieldDesc@2@AEAVPxInsertionCallback@2@@Z 0000000180001bf0 f   Cooking.obj
 0001:00000c00       ?createSoftBodyMesh@Cooking@physx@@UEBAPEAVPxSoftBodyMesh@2@AEBVPxTetrahedronMeshDesc@2@0AEBVPxSoftBodySimulationDataDesc@2@AEAVPxInsertionCallback@2@@Z 0000000180001c00 f   Cooking.obj
 0001:00000c10       ?createTetrahedronMesh@Cooking@physx@@UEBAPEAVPxTetrahedronMesh@2@AEBVPxTetrahedronMeshDesc@2@AEAVPxInsertionCallback@2@@Z 0000000180001c10 f   Cooking.obj
 0001:00000c20       ?createTriangleMesh@Cooking@physx@@UEBAPEAVPxTriangleMesh@2@AEBVPxTriangleMeshDesc@2@AEAVPxInsertionCallback@2@PEAW4Enum@PxTriangleMeshCookingResult@2@@Z 0000000180001c20 f   Cooking.obj
 0001:00000c30       ?getBounds@AABBTreeBounds@Gu@physx@@QEAAPEAVPxBounds3@3@XZ 0000000180001c30 f i Cooking.obj
 0001:00000c30       ?getBounds@AABBTreeBounds@Gu@physx@@QEBAPEBVPxBounds3@3@XZ 0000000180001c30 f i Cooking.obj
 0001:00000c40       ?getNbPrimitives@AABBTreeBuildNode@Gu@physx@@QEBAIXZ 0000000180001c40 f i Cooking.obj
 0001:00000c40       ?getNbRuntimePrimitives@AABBTreeBuildNode@Gu@physx@@QEBAIXZ 0000000180001c40 f i Cooking.obj
 0001:00000c50       ?getNeg@AABBTreeBuildNode@Gu@physx@@QEBAPEBV123@XZ 0000000180001c50 f i Cooking.obj
 0001:00000c70       ?getParams@Cooking@physx@@UEBAAEBUPxCookingParams@2@XZ 0000000180001c70 f   Cooking.obj
 0001:00000c80       ?getPos@AABBTreeBuildNode@Gu@physx@@QEBAPEBV123@XZ 0000000180001c80 f i Cooking.obj
 0001:00000c90       ?getPrimitives@AABBTreeBuildNode@Gu@physx@@QEAAPEAIPEAI@Z 0000000180001c90 f i Cooking.obj
 0001:00000c90       ?getPrimitives@AABBTreeBuildNode@Gu@physx@@QEBAPEBIPEBI@Z 0000000180001c90 f i Cooking.obj
 0001:00000ca0       ?getStandaloneInsertionCallback@Cooking@physx@@UEAAAEAVPxInsertionCallback@2@XZ 0000000180001ca0 f   Cooking.obj
 0001:00000ca0       PxGetStandaloneInsertionCallback 0000000180001ca0 f   Cooking.obj
 0001:00000cb0       ?isLeaf@AABBTreeBuildNode@Gu@physx@@QEBA_NXZ 0000000180001cb0 f i Cooking.obj
 0001:00000cc0       ?moveFrom@AABBTreeBounds@Gu@physx@@QEAAXAEAV123@@Z 0000000180001cc0 f i Cooking.obj
 0001:00000cd0       ?outputCapsule@PxRenderOutput@physx@@QEAAAEAV12@MMAEBV?$PxMat44T@M@2@@Z 0000000180001cd0 f i Cooking.obj
 0001:00001810       ?outputSegment@PxRenderOutput@physx@@QEAAXAEBV?$PxVec3T@M@2@0@Z 0000000180002810 f i Cooking.obj
 0001:00001880       ?ownsMemory@AABBTreeBounds@Gu@physx@@QEBA_NXZ 0000000180002880 f i Cooking.obj
 0001:00001890       ?platformMismatch@Cooking@physx@@UEBA_NXZ 0000000180002890 f   Cooking.obj
 0001:000018a0       ?recreate@?$PxArray@USlab@NodeAllocator@Gu@physx@@V?$PxReflectionAllocator@USlab@NodeAllocator@Gu@physx@@@4@@physx@@IEAAXI@Z 00000001800028a0 f i Cooking.obj
 0001:00001950       ?release@Cooking@physx@@UEAAXXZ 0000000180002950 f   Cooking.obj
 0001:00001970       ?reservePoints@PxRenderOutput@physx@@QEAAPEAUPxDebugPoint@2@I@Z 0000000180002970 f i Cooking.obj
 0001:00001980       ?reserveSegments@PxRenderOutput@physx@@QEAAPEAUPxDebugLine@2@I@Z 0000000180002980 f i Cooking.obj
 0001:00001990       ?setBounds@AABBTreeBounds@Gu@physx@@QEAAXPEAVPxBounds3@3@@Z 0000000180002990 f i Cooking.obj
 0001:000019a0       ?setNbRunTimePrimitives@AABBTreeBuildNode@Gu@physx@@QEAAXI@Z 00000001800029a0 f i Cooking.obj
 0001:000019b0       ?setParams@Cooking@physx@@UEAAXAEBUPxCookingParams@2@@Z 00000001800029b0 f   Cooking.obj
 0001:00001a10       ?takeOwnership@AABBTreeBounds@Gu@physx@@QEAAXXZ 0000000180002a10 f i Cooking.obj
 0001:00001a20       ?validateConvexMesh@Cooking@physx@@UEBA_NAEBVPxConvexMeshDesc@2@@Z 0000000180002a20 f   Cooking.obj
 0001:00001a30       ?validateTriangleMesh@Cooking@physx@@UEBA_NAEBVPxTriangleMeshDesc@2@@Z 0000000180002a30 f   Cooking.obj
 0001:00001a40       PxAssembleSoftBodyMesh     0000000180002a40 f   Cooking.obj
 0001:00001a50       PxAssembleSoftBodyMesh_Sim 0000000180002a50 f   Cooking.obj
 0001:00001a60       PxComputeCollisionData     0000000180002a60 f   Cooking.obj
 0001:00001a70       PxComputeHullPolygons      0000000180002a70 f   Cooking.obj
 0001:00001a80       PxComputeModelsMapping     0000000180002a80 f   Cooking.obj
 0001:00001a90       PxComputeSimulationData    0000000180002a90 f   Cooking.obj
 0001:00001aa0       PxCookBVH                  0000000180002aa0 f   Cooking.obj
 0001:00001ab0       PxCookConvexMesh           0000000180002ab0 f   Cooking.obj
 0001:00001ac0       PxCookHeightField          0000000180002ac0 f   Cooking.obj
 0001:00001ad0       PxCookSoftBodyMesh         0000000180002ad0 f   Cooking.obj
 0001:00001ae0       PxCookTetrahedronMesh      0000000180002ae0 f   Cooking.obj
 0001:00001af0       PxCookTriangleMesh         0000000180002af0 f   Cooking.obj
 0001:00001b00       PxCreateBVH                0000000180002b00 f   Cooking.obj
 0001:00001b10       PxCreateBVHInternal        0000000180002b10 f   Cooking.obj
 0001:00001ba0       PxCreateConvexMesh         0000000180002ba0 f   Cooking.obj
 0001:00001bb0       PxCreateCooking            0000000180002bb0 f   Cooking.obj
 0001:00001ca0       PxCreateHeightField        0000000180002ca0 f   Cooking.obj
 0001:00001cb0       PxCreateSoftBodyMesh       0000000180002cb0 f   Cooking.obj
 0001:00001cc0       PxCreateTetrahedronMesh    0000000180002cc0 f   Cooking.obj
 0001:00001cd0       PxCreateTriangleMesh       0000000180002cd0 f   Cooking.obj
 0001:00001ce0       PxCreateTriangleMeshInternal 0000000180002ce0 f   Cooking.obj
 0001:00001d70       PxValidateConvexMesh       0000000180002d70 f   Cooking.obj
 0001:00001d80       PxValidateTriangleMesh     0000000180002d80 f   Cooking.obj
 0001:00001d90       ?cookingDelayHook@@YAP6A_JXZIPEAUDelayLoadInfo@@@Z 0000000180002d90 f   WindowsCookingDelayLoadHook.obj
 0001:00001e70       PxSetPhysXCookingDelayLoadHook 0000000180002e70 f   WindowsCookingDelayLoadHook.obj
 0001:00001e78       __imp_load_getInsertionCallback 0000000180002e78 f   PhysXCommon_64:PhysXCommon_64.dll
 0001:00001e84       getInsertionCallback       0000000180002e84 f   PhysXCommon_64:PhysXCommon_64.dll
 0001:00001e8a       __tailMerge_physxcommon_64_dll 0000000180002e8a     PhysXCommon_64:PhysXCommon_64.dll
 0001:00001f03       __imp_load_cookBVH         0000000180002f03 f   PhysXCommon_64:PhysXCommon_64.dll
 0001:00001f0f       cookBVH                    0000000180002f0f f   PhysXCommon_64:PhysXCommon_64.dll
 0001:00001f15       __imp_load_createBVH       0000000180002f15 f   PhysXCommon_64:PhysXCommon_64.dll
 0001:00001f21       createBVH                  0000000180002f21 f   PhysXCommon_64:PhysXCommon_64.dll
 0001:00001f27       __imp_load_cookHeightField 0000000180002f27 f   PhysXCommon_64:PhysXCommon_64.dll
 0001:00001f33       cookHeightField            0000000180002f33 f   PhysXCommon_64:PhysXCommon_64.dll
 0001:00001f39       __imp_load_createHeightField 0000000180002f39 f   PhysXCommon_64:PhysXCommon_64.dll
 0001:00001f45       createHeightField          0000000180002f45 f   PhysXCommon_64:PhysXCommon_64.dll
 0001:00001f4b       __imp_load_cookConvexMesh  0000000180002f4b f   PhysXCommon_64:PhysXCommon_64.dll
 0001:00001f57       cookConvexMesh             0000000180002f57 f   PhysXCommon_64:PhysXCommon_64.dll
 0001:00001f5d       __imp_load_createConvexMesh 0000000180002f5d f   PhysXCommon_64:PhysXCommon_64.dll
 0001:00001f69       createConvexMesh           0000000180002f69 f   PhysXCommon_64:PhysXCommon_64.dll
 0001:00001f6f       __imp_load_validateConvexMesh 0000000180002f6f f   PhysXCommon_64:PhysXCommon_64.dll
 0001:00001f7b       validateConvexMesh         0000000180002f7b f   PhysXCommon_64:PhysXCommon_64.dll
 0001:00001f81       __imp_load_computeHullPolygons 0000000180002f81 f   PhysXCommon_64:PhysXCommon_64.dll
 0001:00001f8d       computeHullPolygons        0000000180002f8d f   PhysXCommon_64:PhysXCommon_64.dll
 0001:00001f93       __imp_load_validateTriangleMesh 0000000180002f93 f   PhysXCommon_64:PhysXCommon_64.dll
 0001:00001f9f       validateTriangleMesh       0000000180002f9f f   PhysXCommon_64:PhysXCommon_64.dll
 0001:00001fa5       __imp_load_createTriangleMesh 0000000180002fa5 f   PhysXCommon_64:PhysXCommon_64.dll
 0001:00001fb1       createTriangleMesh         0000000180002fb1 f   PhysXCommon_64:PhysXCommon_64.dll
 0001:00001fb7       __imp_load_cookTriangleMesh 0000000180002fb7 f   PhysXCommon_64:PhysXCommon_64.dll
 0001:00001fc3       cookTriangleMesh           0000000180002fc3 f   PhysXCommon_64:PhysXCommon_64.dll
 0001:00001fc9       __imp_load_cookTetrahedronMesh 0000000180002fc9 f   PhysXCommon_64:PhysXCommon_64.dll
 0001:00001fd5       cookTetrahedronMesh        0000000180002fd5 f   PhysXCommon_64:PhysXCommon_64.dll
 0001:00001fdb       __imp_load_createTetrahedronMesh 0000000180002fdb f   PhysXCommon_64:PhysXCommon_64.dll
 0001:00001fe7       createTetrahedronMesh      0000000180002fe7 f   PhysXCommon_64:PhysXCommon_64.dll
 0001:00001fed       __imp_load_cookSoftBodyMesh 0000000180002fed f   PhysXCommon_64:PhysXCommon_64.dll
 0001:00001ff9       cookSoftBodyMesh           0000000180002ff9 f   PhysXCommon_64:PhysXCommon_64.dll
 0001:00001fff       __imp_load_createSoftBodyMesh 0000000180002fff f   PhysXCommon_64:PhysXCommon_64.dll
 0001:0000200b       createSoftBodyMesh         000000018000300b f   PhysXCommon_64:PhysXCommon_64.dll
 0001:00002011       __imp_load_computeModelsMapping 0000000180003011 f   PhysXCommon_64:PhysXCommon_64.dll
 0001:0000201d       computeModelsMapping       000000018000301d f   PhysXCommon_64:PhysXCommon_64.dll
 0001:00002023       __imp_load_computeCollisionData 0000000180003023 f   PhysXCommon_64:PhysXCommon_64.dll
 0001:0000202f       computeCollisionData       000000018000302f f   PhysXCommon_64:PhysXCommon_64.dll
 0001:00002035       __imp_load_computeSimulationData 0000000180003035 f   PhysXCommon_64:PhysXCommon_64.dll
 0001:00002041       computeSimulationData      0000000180003041 f   PhysXCommon_64:PhysXCommon_64.dll
 0001:00002047       __imp_load_assembleSoftBodyMesh 0000000180003047 f   PhysXCommon_64:PhysXCommon_64.dll
 0001:00002053       assembleSoftBodyMesh       0000000180003053 f   PhysXCommon_64:PhysXCommon_64.dll
 0001:00002059       __imp_load_assembleSoftBodyMesh_Sim 0000000180003059 f   PhysXCommon_64:PhysXCommon_64.dll
 0001:00002065       assembleSoftBodyMesh_Sim   0000000180003065 f   PhysXCommon_64:PhysXCommon_64.dll
 0001:0000206b       __imp_load_?release@AABBTreeBounds@Gu@physx@@QEAAXXZ 000000018000306b f   PhysXCommon_64:PhysXCommon_64.dll
 0001:00002077       ?release@AABBTreeBounds@Gu@physx@@QEAAXXZ 0000000180003077 f   PhysXCommon_64:PhysXCommon_64.dll
 0001:0000207d       __imp_load_??0BVH@Gu@physx@@QEAA@AEBUPxBVHInternalData@2@@Z 000000018000307d f   PhysXCommon_64:PhysXCommon_64.dll
 0001:00002089       ??0BVH@Gu@physx@@QEAA@AEBUPxBVHInternalData@2@@Z 0000000180003089 f   PhysXCommon_64:PhysXCommon_64.dll
 0001:0000208f       __imp_load_??0BV4TriangleMesh@Gu@physx@@QEAA@AEBUPxTriangleMeshInternalData@2@@Z 000000018000308f f   PhysXCommon_64:PhysXCommon_64.dll
 0001:0000209b       ??0BV4TriangleMesh@Gu@physx@@QEAA@AEBUPxTriangleMeshInternalData@2@@Z 000000018000309b f   PhysXCommon_64:PhysXCommon_64.dll
 0001:000020a1       __imp_load_PxGetFoundation 00000001800030a1 f   PhysXFoundation_64:PhysXFoundation_64.dll
 0001:000020ad       PxGetFoundation            00000001800030ad f   PhysXFoundation_64:PhysXFoundation_64.dll
 0001:000020b3       __tailMerge_physxfoundation_64_dll 00000001800030b3     PhysXFoundation_64:PhysXFoundation_64.dll
 0001:0000212c       __imp_load_PxGetBroadcastAllocator 000000018000312c f   PhysXFoundation_64:PhysXFoundation_64.dll
 0001:00002138       PxGetBroadcastAllocator    0000000180003138 f   PhysXFoundation_64:PhysXFoundation_64.dll
 0001:0000213e       __imp_load_PxDecFoundationRefCount 000000018000313e f   PhysXFoundation_64:PhysXFoundation_64.dll
 0001:0000214a       PxDecFoundationRefCount    000000018000314a f   PhysXFoundation_64:PhysXFoundation_64.dll
 0001:00002150       __imp_load_PxIncFoundationRefCount 0000000180003150 f   PhysXFoundation_64:PhysXFoundation_64.dll
 0001:0000215c       PxIncFoundationRefCount    000000018000315c f   PhysXFoundation_64:PhysXFoundation_64.dll
 0001:00002164       ?DloadAcquireSectionWriteAccess@@YAXXZ 0000000180003164 f i Delayimp:delayhlp.obj
 0001:00002210       ?DloadGetSRWLockFunctionPointers@@YAEXZ 0000000180003210 f i Delayimp:delayhlp.obj
 0001:000022b0       ?DloadMakePermanentImageCommit@@YAXPEAX_K@Z 00000001800032b0 f i Delayimp:delayhlp.obj
 0001:00002348       ?DloadObtainSection@@YAPEAXPEAK0@Z 0000000180003348 f i Delayimp:delayhlp.obj
 0001:000023e4       ?DloadProtectSection@@YAXKPEAK@Z 00000001800033e4 f i Delayimp:delayhlp.obj
 0001:00002474       ?DloadReleaseSectionWriteAccess@@YAXXZ 0000000180003474 f i Delayimp:delayhlp.obj
 0001:00002508       __delayLoadHelper2         0000000180003508 f   Delayimp:delayhlp.obj
 0001:000027e0       ??3@YAXPEAX@Z              00000001800037e0 f   MSVCRT:delete_scalar.obj
 0001:000027e8       ??3@YAXPEAX_K@Z            00000001800037e8 f   MSVCRT:delete_scalar_size.obj
 0001:000027e8       ??_V@YAXPEAX@Z             00000001800037e8 f   MSVCRT:delete_array.obj
 0001:000027f0       ??_V@YAXPEAX_K@Z           00000001800037f0 f   MSVCRT:delete_array_size.obj
 0001:00002800       __vdecl_sinf4              0000000180003800 f   MSVCRT:svml_ssinf4_dispatch.obj
 0001:00002820       __libm_sse2_sincosf_       0000000180003820 f   MSVCRT:svml_ssinf4_dispatch.obj
 0001:00002863       __libm_sse2_sincosf4_      0000000180003863 f   MSVCRT:svml_ssinf4_dispatch.obj
 0001:00002870       ??_Etype_info@@UEAAPEAXI@Z 0000000180003870 f i MSVCRT:std_type_info_static.obj
 0001:00002870       ??_Gtype_info@@UEAAPEAXI@Z 0000000180003870 f i MSVCRT:std_type_info_static.obj
 0001:0000289c       ?__scrt_initialize_type_info@@YAXXZ 000000018000389c f   MSVCRT:tncleanup.obj
 0001:000028ac       ?__scrt_uninitialize_type_info@@YAXXZ 00000001800038ac f   MSVCRT:tncleanup.obj
 0001:00002bd8       _DllMainCRTStartup         0000000180003bd8 f   MSVCRT:dll_dllmain.obj
 0001:00002c18       __isa_available_init       0000000180003c18 f   MSVCRT:cpu_disp.obj
 0001:00002dd0       __sse2_sinf4@@16           0000000180003dd0 f   MSVCRT:svml_ssinf4_sse2.obj
 0001:00003710       __sse4_sinf4@@16           0000000180004710 f   MSVCRT:svml_ssinf4_sse4.obj
 0001:00003e84       __security_init_cookie     0000000180004e84 f   MSVCRT:gs_support.obj
 0001:00003f30       DllMain                    0000000180004f30 f   MSVCRT:dll_dllmain_stub.obj
 0001:00003f54       __local_stdio_printf_options 0000000180004f54 f i MSVCRT:default_local_stdio_options.obj
 0001:00003f5c       __local_stdio_scanf_options 0000000180004f5c f i MSVCRT:default_local_stdio_options.obj
 0001:00003f64       __scrt_initialize_default_local_stdio_options 0000000180004f64 f   MSVCRT:default_local_stdio_options.obj
 0001:00003f80       __scrt_acquire_startup_lock 0000000180004f80 f   MSVCRT:utility.obj
 0001:00003fbc       __scrt_dllmain_after_initialize_c 0000000180004fbc f   MSVCRT:utility.obj
 0001:00003ff0       __scrt_dllmain_before_initialize_c 0000000180004ff0 f   MSVCRT:utility.obj
 0001:00004008       __scrt_dllmain_crt_thread_attach 0000000180005008 f   MSVCRT:utility.obj
 0001:00004030       __scrt_dllmain_crt_thread_detach 0000000180005030 f   MSVCRT:utility.obj
 0001:00004048       __scrt_dllmain_exception_filter 0000000180005048 f   MSVCRT:utility.obj
 0001:000040a8       __scrt_dllmain_uninitialize_c 00000001800050a8 f   MSVCRT:utility.obj
 0001:000040d8       __scrt_dllmain_uninitialize_critical 00000001800050d8 f   MSVCRT:utility.obj
 0001:000040ec       __scrt_initialize_crt      00000001800050ec f   MSVCRT:utility.obj
 0001:00004138       __scrt_initialize_onexit_tables 0000000180005138 f   MSVCRT:utility.obj
 0001:000041c4       __scrt_is_nonwritable_in_current_image 00000001800051c4 f   MSVCRT:utility.obj
 0001:0000425c       __scrt_release_startup_lock 000000018000525c f   MSVCRT:utility.obj
 0001:00004280       __scrt_uninitialize_crt    0000000180005280 f   MSVCRT:utility.obj
 0001:000042ac       __scrt_get_dyn_tls_init_callback 00000001800052ac f   MSVCRT:dyn_tls_init.obj
 0001:000042b4       __crt_debugger_hook        00000001800052b4 f   MSVCRT:utility_desktop.obj
 0001:000042bc       __scrt_fastfail            00000001800052bc f   MSVCRT:utility_desktop.obj
 0001:00004408       _RTC_Initialize            0000000180005408 f   MSVCRT:initsect.obj
 0001:00004444       _RTC_Terminate             0000000180005444 f   MSVCRT:initsect.obj
 0001:00004480       __common_ssin_cout_rare    0000000180005480 f   MSVCRT:svml_s_sin_cout.obj
 0001:000044f0       _get_startup_argv_mode     00000001800054f0 f   MSVCRT:argv_mode.obj
 0001:000044f8       __scrt_is_ucrt_dll_in_use  00000001800054f8 f   MSVCRT:ucrt_detection.obj
 0001:00004504       _purecall                  0000000180005504 f   vcruntime:VCRUNTIME140.dll
 0001:0000450a       __std_type_info_name       000000018000550a f   vcruntime:VCRUNTIME140.dll
 0001:00004510       strstr                     0000000180005510 f   vcruntime:VCRUNTIME140.dll
 0001:00004516       __std_type_info_destroy_list 0000000180005516 f   vcruntime:VCRUNTIME140.dll
 0001:0000451c       __C_specific_handler       000000018000551c f   vcruntime:VCRUNTIME140.dll
 0001:00004522       memset                     0000000180005522 f   vcruntime:VCRUNTIME140.dll
 0001:00004528       memcpy                     0000000180005528 f   vcruntime:VCRUNTIME140.dll
 0001:0000452e       free                       000000018000552e f   ucrt:api-ms-win-crt-heap-l1-1-0.dll
 0001:00004534       _initterm                  0000000180005534 f   ucrt:api-ms-win-crt-runtime-l1-1-0.dll
 0001:0000453a       _initterm_e                000000018000553a f   ucrt:api-ms-win-crt-runtime-l1-1-0.dll
 0001:00004540       _seh_filter_dll            0000000180005540 f   ucrt:api-ms-win-crt-runtime-l1-1-0.dll
 0001:00004546       _configure_narrow_argv     0000000180005546 f   ucrt:api-ms-win-crt-runtime-l1-1-0.dll
 0001:0000454c       _initialize_narrow_environment 000000018000554c f   ucrt:api-ms-win-crt-runtime-l1-1-0.dll
 0001:00004552       _initialize_onexit_table   0000000180005552 f   ucrt:api-ms-win-crt-runtime-l1-1-0.dll
 0001:00004558       _execute_onexit_table      0000000180005558 f   ucrt:api-ms-win-crt-runtime-l1-1-0.dll
 0001:0000455e       _cexit                     000000018000555e f   ucrt:api-ms-win-crt-runtime-l1-1-0.dll
 0001:00004564       __acrt_initialize          0000000180005564 f   MSVCRT:ucrt_stubs.obj
 0001:00004564       __acrt_thread_attach       0000000180005564 f   MSVCRT:ucrt_stubs.obj
 0001:00004564       __acrt_thread_detach       0000000180005564 f   MSVCRT:ucrt_stubs.obj
 0001:00004564       __acrt_uninitialize        0000000180005564 f   MSVCRT:ucrt_stubs.obj
 0001:00004564       __acrt_uninitialize_critical 0000000180005564 f   MSVCRT:ucrt_stubs.obj
 0001:00004564       __scrt_stub_for_acrt_initialize 0000000180005564 f   MSVCRT:ucrt_stubs.obj
 0001:00004564       __scrt_stub_for_acrt_thread_attach 0000000180005564 f   MSVCRT:ucrt_stubs.obj
 0001:00004564       __scrt_stub_for_acrt_thread_detach 0000000180005564 f   MSVCRT:ucrt_stubs.obj
 0001:00004564       __scrt_stub_for_acrt_uninitialize 0000000180005564 f   MSVCRT:ucrt_stubs.obj
 0001:00004564       __scrt_stub_for_acrt_uninitialize_critical 0000000180005564 f   MSVCRT:ucrt_stubs.obj
 0001:00004564       __vcrt_initialize          0000000180005564 f   MSVCRT:ucrt_stubs.obj
 0001:00004564       __vcrt_thread_attach       0000000180005564 f   MSVCRT:ucrt_stubs.obj
 0001:00004564       __vcrt_thread_detach       0000000180005564 f   MSVCRT:ucrt_stubs.obj
 0001:00004564       __vcrt_uninitialize        0000000180005564 f   MSVCRT:ucrt_stubs.obj
 0001:00004564       __vcrt_uninitialize_critical 0000000180005564 f   MSVCRT:ucrt_stubs.obj
 0001:00004568       __scrt_stub_for_is_c_termination_complete 0000000180005568 f   MSVCRT:ucrt_stubs.obj
 0001:00004568       _is_c_termination_complete 0000000180005568 f   MSVCRT:ucrt_stubs.obj
 0001:00004580       _guard_dispatch_icall_nop  0000000180005580 f   MSVCRT:guard_dispatch.obj
 0001:000045a0       _guard_xfg_dispatch_icall_nop 00000001800055a0 f   MSVCRT:guard_xfg_dispatch.obj
 0002:00000000       __imp_LoadLibraryA         0000000180006000     kernel32:KERNEL32.dll
 0002:00000008       __imp_SetUnhandledExceptionFilter 0000000180006008     kernel32:KERNEL32.dll
 0002:00000010       __imp_UnhandledExceptionFilter 0000000180006010     kernel32:KERNEL32.dll
 0002:00000018       __imp_IsDebuggerPresent    0000000180006018     kernel32:KERNEL32.dll
 0002:00000020       __imp_RtlVirtualUnwind     0000000180006020     kernel32:KERNEL32.dll
 0002:00000028       __imp_RtlLookupFunctionEntry 0000000180006028     kernel32:KERNEL32.dll
 0002:00000030       __imp_RtlCaptureContext    0000000180006030     kernel32:KERNEL32.dll
 0002:00000038       __imp_DisableThreadLibraryCalls 0000000180006038     kernel32:KERNEL32.dll
 0002:00000040       __imp_GetSystemTimeAsFileTime 0000000180006040     kernel32:KERNEL32.dll
 0002:00000048       __imp_GetCurrentThreadId   0000000180006048     kernel32:KERNEL32.dll
 0002:00000050       __imp_GetCurrentProcessId  0000000180006050     kernel32:KERNEL32.dll
 0002:00000058       __imp_QueryPerformanceCounter 0000000180006058     kernel32:KERNEL32.dll
 0002:00000060       __imp_InitializeSListHead  0000000180006060     kernel32:KERNEL32.dll
 0002:00000068       __imp_LoadLibraryExA       0000000180006068     kernel32:KERNEL32.dll
 0002:00000070       __imp_GetProcAddress       0000000180006070     kernel32:KERNEL32.dll
 0002:00000078       __imp_GetModuleHandleW     0000000180006078     kernel32:KERNEL32.dll
 0002:00000080       __imp_FreeLibrary          0000000180006080     kernel32:KERNEL32.dll
 0002:00000088       __imp_VirtualQuery         0000000180006088     kernel32:KERNEL32.dll
 0002:00000090       __imp_VirtualProtect       0000000180006090     kernel32:KERNEL32.dll
 0002:00000098       __imp_GetSystemInfo        0000000180006098     kernel32:KERNEL32.dll
 0002:000000a0       __imp_GetLastError         00000001800060a0     kernel32:KERNEL32.dll
 0002:000000a8       __imp_RaiseException       00000001800060a8     kernel32:KERNEL32.dll
 0002:000000b0       __imp_IsProcessorFeaturePresent 00000001800060b0     kernel32:KERNEL32.dll
 0002:000000b8       \177KERNEL32_NULL_THUNK_DATA 00000001800060b8     kernel32:KERNEL32.dll
 0002:000000c0       __imp___std_type_info_name 00000001800060c0     vcruntime:VCRUNTIME140.dll
 0002:000000c8       __imp_strstr               00000001800060c8     vcruntime:VCRUNTIME140.dll
 0002:000000d0       __imp___std_type_info_destroy_list 00000001800060d0     vcruntime:VCRUNTIME140.dll
 0002:000000d8       __imp___C_specific_handler 00000001800060d8     vcruntime:VCRUNTIME140.dll
 0002:000000e0       __imp__purecall            00000001800060e0     vcruntime:VCRUNTIME140.dll
 0002:000000e8       __imp_memset               00000001800060e8     vcruntime:VCRUNTIME140.dll
 0002:000000f0       __imp_memcpy               00000001800060f0     vcruntime:VCRUNTIME140.dll
 0002:000000f8       \177VCRUNTIME140_NULL_THUNK_DATA 00000001800060f8     vcruntime:VCRUNTIME140.dll
 0002:00000100       __imp_free                 0000000180006100     ucrt:api-ms-win-crt-heap-l1-1-0.dll
 0002:00000108       \177api-ms-win-crt-heap-l1-1-0_NULL_THUNK_DATA 0000000180006108     ucrt:api-ms-win-crt-heap-l1-1-0.dll
 0002:00000110       __imp__seh_filter_dll      0000000180006110     ucrt:api-ms-win-crt-runtime-l1-1-0.dll
 0002:00000118       __imp__initialize_narrow_environment 0000000180006118     ucrt:api-ms-win-crt-runtime-l1-1-0.dll
 0002:00000120       __imp__initialize_onexit_table 0000000180006120     ucrt:api-ms-win-crt-runtime-l1-1-0.dll
 0002:00000128       __imp__execute_onexit_table 0000000180006128     ucrt:api-ms-win-crt-runtime-l1-1-0.dll
 0002:00000130       __imp__configure_narrow_argv 0000000180006130     ucrt:api-ms-win-crt-runtime-l1-1-0.dll
 0002:00000138       __imp__initterm_e          0000000180006138     ucrt:api-ms-win-crt-runtime-l1-1-0.dll
 0002:00000140       __imp__cexit               0000000180006140     ucrt:api-ms-win-crt-runtime-l1-1-0.dll
 0002:00000148       __imp__initterm            0000000180006148     ucrt:api-ms-win-crt-runtime-l1-1-0.dll
 0002:00000150       \177api-ms-win-crt-runtime-l1-1-0_NULL_THUNK_DATA 0000000180006150     ucrt:api-ms-win-crt-runtime-l1-1-0.dll
 0002:00000158       __guard_check_icall_fptr   0000000180006158     MSVCRT:guard_support.obj
 0002:00000160       __guard_xfg_check_icall_fptr 0000000180006160     MSVCRT:guard_support.obj
 0002:00000168       __guard_dispatch_icall_fptr 0000000180006168     MSVCRT:guard_support.obj
 0002:00000170       __guard_xfg_dispatch_icall_fptr 0000000180006170     MSVCRT:guard_support.obj
 0002:00000178       __guard_xfg_table_dispatch_icall_fptr 0000000180006178     MSVCRT:guard_support.obj
 0002:00000180       __castguard_check_failure_os_handled_fptr 0000000180006180     MSVCRT:guard_support.obj
 0002:00000188       __guard_memcpy_fptr        0000000180006188     vcruntime:softmemtag.obj
 0002:00000190       __xc_a                     0000000180006190     MSVCRT:initializers.obj
 0002:000001c8       __xc_z                     00000001800061c8     MSVCRT:initializers.obj
 0002:000001d0       __xi_a                     00000001800061d0     MSVCRT:initializers.obj
 0002:000001d8       __xi_z                     00000001800061d8     MSVCRT:initializers.obj
 0002:000001e0       __xp_a                     00000001800061e0     MSVCRT:initializers.obj
 0002:000001e8       __xp_z                     00000001800061e8     MSVCRT:initializers.obj
 0002:000001f0       __xt_a                     00000001800061f0     MSVCRT:initializers.obj
 0002:000001f8       __xt_z                     00000001800061f8     MSVCRT:initializers.obj
 0002:00000220       ??_7PxFoundation@physx@@6B@ 0000000180006220     Cooking.obj
 0002:00000290       ??_7PxCooking@physx@@6B@   0000000180006290     Cooking.obj
 0002:00000360       ??_7Cooking@physx@@6B@     0000000180006360     Cooking.obj
 0002:00000430       ??_C@_0FA@KFMNEDLB@C?3?2Users?2lllll?2Documents?2GitHub@ 0000000180006430     Cooking.obj
 0002:00000480       ??_C@_0EJ@EPEBMBPB@C?3?2Users?2lllll?2Documents?2GitHub@ 0000000180006480     Cooking.obj
 0002:000004d0       ??_C@_0BM@OIFKLHDN@?$DMallocation?5names?5disabled?$DO@ 00000001800064d0     Cooking.obj
 0002:000004ec       __real@343bbd2e            00000001800064ec     Cooking.obj
 0002:000004f0       __real@3d00adfd            00000001800064f0     Cooking.obj
 0002:000004f4       __real@3d80adfd            00000001800064f4     Cooking.obj
 0002:000004f8       __real@3f800000            00000001800064f8     Cooking.obj
 0002:000004fc       __real@40490fdb            00000001800064fc     Cooking.obj
 0002:00000500       __real@b3bbbd2e            0000000180006500     Cooking.obj
 0002:00000510       __xmm@000000003a83126f3a83126f3a83126f 0000000180006510     Cooking.obj
 0002:00000520       __xmm@00000000ba83126fba83126fba83126f 0000000180006520     Cooking.obj
 0002:00000530       __xmm@3a83126f3a83126f3a83126f3a83126f 0000000180006530     Cooking.obj
 0002:00000540       __xmm@80000000800000008000000080000000 0000000180006540     Cooking.obj
 0002:00000550       __xmm@ba83126fba83126fba83126fba83126f 0000000180006550     Cooking.obj
 0002:00000560       ??_C@_0BA@EGLNOO@PhysXFoundation@ 0000000180006560     WindowsCookingDelayLoadHook.obj
 0002:00000570       ??_C@_0M@ILKNCJKN@PhysXCommon@ 0000000180006570     WindowsCookingDelayLoadHook.obj
 0002:00000580       __sz_PhysXCommon_64_dll    0000000180006580     PhysXCommon_64:PhysXCommon_64.dll
 0002:000005a0       __sz_PhysXFoundation_64_dll 00000001800065a0     PhysXFoundation_64:PhysXFoundation_64.dll
 0002:000005b8       ??_C@_1BK@DBDEIDLH@?$AAK?$AAE?$AAR?$AAN?$AAE?$AAL?$AA3?$AA2?$AA?4?$AAD?$AAL?$AAL@ 00000001800065b8     Delayimp:delayhlp.obj
 0002:000005d8       ??_C@_0BI@OMNLIJDB@AcquireSRWLockExclusive@ 00000001800065d8     Delayimp:delayhlp.obj
 0002:000005f0       ??_C@_0BI@HMIEPCNJ@ReleaseSRWLockExclusive@ 00000001800065f0     Delayimp:delayhlp.obj
 0002:00000608       __pfnDliFailureHook2       0000000180006608     Delayimp:delayhk1.obj
 0002:00000678       ??_7type_info@@6B@         0000000180006678     MSVCRT:std_type_info_static.obj
 0002:00000680       _pDefaultRawDllMain        0000000180006680     MSVCRT:dll_dllmain.obj
 0002:00000680       _pRawDllMain               0000000180006680     MSVCRT:dll_dllmain.obj
 0002:00000690       _load_config_used          0000000180006690     MSVCRT:loadcfg.obj
 0002:000007d0       __xmm@ffffffffffffffffffffffffffffffff 00000001800067d0     MSVCRT:utility.obj
 0002:00000880       ??_R4type_info@@6B@        0000000180006880     MSVCRT:std_type_info_static.obj
 0002:000008a8       ??_R3type_info@@8          00000001800068a8     MSVCRT:std_type_info_static.obj
 0002:000008c0       ??_R2type_info@@8          00000001800068c0     MSVCRT:std_type_info_static.obj
 0002:000008d0       ??_R1A@?0A@EA@type_info@@8 00000001800068d0     MSVCRT:std_type_info_static.obj
 0002:000008f4       __volatile_metadata        00000001800068f4     <linker-defined>
 0002:00000d58       __rtc_iaa                  0000000180006d58     MSVCRT:initsect.obj
 0002:00000d60       __rtc_izz                  0000000180006d60     MSVCRT:initsect.obj
 0002:00000d68       __rtc_taa                  0000000180006d68     MSVCRT:initsect.obj
 0002:00000d70       __rtc_tzz                  0000000180006d70     MSVCRT:initsect.obj
 0002:00001138       __DELAY_IMPORT_DESCRIPTOR_physxcommon_64_dll 0000000180007138     PhysXCommon_64:PhysXCommon_64.dll
 0002:00001158       __DELAY_IMPORT_DESCRIPTOR_physxfoundation_64_dll 0000000180007158     PhysXFoundation_64:PhysXFoundation_64.dll
 0002:00001178       __NULL_DELAY_IMPORT_DESCRIPTOR 0000000180007178     PhysXCommon_64:PhysXCommon_64.dll
 0002:00001258       \177PhysXCommon_64_NULL_THUNK_DATA_DLN 0000000180007258     PhysXCommon_64:PhysXCommon_64.dll
 0002:00001280       \177PhysXFoundation_64_NULL_THUNK_DATA_DLN 0000000180007280     PhysXFoundation_64:PhysXFoundation_64.dll
 0002:00001558       \177PhysXCommon_64_NULL_THUNK_DATA_DLB 0000000180007558     PhysXCommon_64:PhysXCommon_64.dll
 0002:00001620       \177PhysXFoundation_64_NULL_THUNK_DATA_DLB 0000000180007620     PhysXFoundation_64:PhysXFoundation_64.dll
 0002:00002444       __IMPORT_DESCRIPTOR_KERNEL32 0000000180008444     kernel32:KERNEL32.dll
 0002:00002458       __IMPORT_DESCRIPTOR_VCRUNTIME140 0000000180008458     vcruntime:VCRUNTIME140.dll
 0002:0000246c       __IMPORT_DESCRIPTOR_api-ms-win-crt-heap-l1-1-0 000000018000846c     ucrt:api-ms-win-crt-heap-l1-1-0.dll
 0002:00002480       __IMPORT_DESCRIPTOR_api-ms-win-crt-runtime-l1-1-0 0000000180008480     ucrt:api-ms-win-crt-runtime-l1-1-0.dll
 0002:00002494       __NULL_IMPORT_DESCRIPTOR   0000000180008494     kernel32:KERNEL32.dll
 0003:00000000       __pfnDliNotifyHook2        0000000180009000     WindowsCookingDelayLoadHook.obj
 0003:00000010       _fltused                   0000000180009010     MSVCRT:fltused.obj
 0003:00000018       __isa_available            0000000180009018     MSVCRT:cpu_disp.obj
 0003:0000001c       __isa_enabled              000000018000901c     MSVCRT:cpu_disp.obj
 0003:00000020       __memset_fast_string_threshold 0000000180009020     MSVCRT:cpu_disp.obj
 0003:00000028       __memset_nt_threshold      0000000180009028     MSVCRT:cpu_disp.obj
 0003:00000030       __scrt_native_dllmain_reason 0000000180009030     MSVCRT:utility.obj
 0003:00000038       __security_cookie_complement 0000000180009038     MSVCRT:gs_cookie.obj
 0003:00000040       __security_cookie          0000000180009040     MSVCRT:gs_cookie.obj
 0003:00000050       __scrt_ucrt_dll_is_in_use  0000000180009050     MSVCRT:ucrt_stubs.obj
 0003:00000058       ??_R0?AVBVH@Gu@physx@@@8   0000000180009058     Cooking.obj
 0003:00000080       ??_R0?AVBV4TriangleMesh@Gu@physx@@@8 0000000180009080     Cooking.obj
 0003:000000b0       ??_R0?AVCooking@physx@@@8  00000001800090b0     Cooking.obj
 0003:000000d8       ??_R0?AUSlab@NodeAllocator@Gu@physx@@@8 00000001800090d8     Cooking.obj
 0003:00000110       ??_R0?AVtype_info@@@8      0000000180009110     MSVCRT:std_type_info_static.obj
 0003:00000130       __imp_getInsertionCallback 0000000180009130     PhysXCommon_64:PhysXCommon_64.dll
 0003:00000138       __imp_??0BV4TriangleMesh@Gu@physx@@QEAA@AEBUPxTriangleMeshInternalData@2@@Z 0000000180009138     PhysXCommon_64:PhysXCommon_64.dll
 0003:00000140       __imp_cookBVH              0000000180009140     PhysXCommon_64:PhysXCommon_64.dll
 0003:00000148       __imp_createBVH            0000000180009148     PhysXCommon_64:PhysXCommon_64.dll
 0003:00000150       __imp_cookHeightField      0000000180009150     PhysXCommon_64:PhysXCommon_64.dll
 0003:00000158       __imp_createHeightField    0000000180009158     PhysXCommon_64:PhysXCommon_64.dll
 0003:00000160       __imp_cookConvexMesh       0000000180009160     PhysXCommon_64:PhysXCommon_64.dll
 0003:00000168       __imp_createConvexMesh     0000000180009168     PhysXCommon_64:PhysXCommon_64.dll
 0003:00000170       __imp_validateConvexMesh   0000000180009170     PhysXCommon_64:PhysXCommon_64.dll
 0003:00000178       __imp_computeHullPolygons  0000000180009178     PhysXCommon_64:PhysXCommon_64.dll
 0003:00000180       __imp_validateTriangleMesh 0000000180009180     PhysXCommon_64:PhysXCommon_64.dll
 0003:00000188       __imp_createTriangleMesh   0000000180009188     PhysXCommon_64:PhysXCommon_64.dll
 0003:00000190       __imp_cookTriangleMesh     0000000180009190     PhysXCommon_64:PhysXCommon_64.dll
 0003:00000198       __imp_cookTetrahedronMesh  0000000180009198     PhysXCommon_64:PhysXCommon_64.dll
 0003:000001a0       __imp_createTetrahedronMesh 00000001800091a0     PhysXCommon_64:PhysXCommon_64.dll
 0003:000001a8       __imp_cookSoftBodyMesh     00000001800091a8     PhysXCommon_64:PhysXCommon_64.dll
 0003:000001b0       __imp_createSoftBodyMesh   00000001800091b0     PhysXCommon_64:PhysXCommon_64.dll
 0003:000001b8       __imp_computeModelsMapping 00000001800091b8     PhysXCommon_64:PhysXCommon_64.dll
 0003:000001c0       __imp_computeCollisionData 00000001800091c0     PhysXCommon_64:PhysXCommon_64.dll
 0003:000001c8       __imp_computeSimulationData 00000001800091c8     PhysXCommon_64:PhysXCommon_64.dll
 0003:000001d0       __imp_assembleSoftBodyMesh 00000001800091d0     PhysXCommon_64:PhysXCommon_64.dll
 0003:000001d8       __imp_assembleSoftBodyMesh_Sim 00000001800091d8     PhysXCommon_64:PhysXCommon_64.dll
 0003:000001e0       __imp_?release@AABBTreeBounds@Gu@physx@@QEAAXXZ 00000001800091e0     PhysXCommon_64:PhysXCommon_64.dll
 0003:000001e8       __imp_??0BVH@Gu@physx@@QEAA@AEBUPxBVHInternalData@2@@Z 00000001800091e8     PhysXCommon_64:PhysXCommon_64.dll
 0003:000001f0       \177PhysXCommon_64_NULL_THUNK_DATA_DLA 00000001800091f0     PhysXCommon_64:PhysXCommon_64.dll
 0003:000001f8       __imp_PxIncFoundationRefCount 00000001800091f8     PhysXFoundation_64:PhysXFoundation_64.dll
 0003:00000200       __imp_PxGetBroadcastAllocator 0000000180009200     PhysXFoundation_64:PhysXFoundation_64.dll
 0003:00000208       __imp_PxDecFoundationRefCount 0000000180009208     PhysXFoundation_64:PhysXFoundation_64.dll
 0003:00000210       __imp_PxGetFoundation      0000000180009210     PhysXFoundation_64:PhysXFoundation_64.dll
 0003:00000218       \177PhysXFoundation_64_NULL_THUNK_DATA_DLA 0000000180009218     PhysXFoundation_64:PhysXFoundation_64.dll
 0003:00000288       __hmod__PhysXCommon_64_dll 0000000180009288     PhysXCommon_64:PhysXCommon_64.dll
 0003:00000290       __hmod__PhysXFoundation_64_dll 0000000180009290     PhysXFoundation_64:PhysXFoundation_64.dll
 0003:00000298       ?DloadKernel32@@3PEAUHINSTANCE__@@EA 0000000180009298     Delayimp:delayhlp.obj
 0003:000002a0       ?DloadAcquireSRWLockExclusive@@3P6AXPEA_K@ZEA 00000001800092a0     Delayimp:delayhlp.obj
 0003:000002a8       ?DloadReleaseSRWLockExclusive@@3P6AXPEA_K@ZEA 00000001800092a8     Delayimp:delayhlp.obj
 0003:000002b0       ?DloadSrwLock@@3_KA        00000001800092b0     Delayimp:delayhlp.obj
 0003:000002b8       ?DloadSectionLockCount@@3KA 00000001800092b8     Delayimp:delayhlp.obj
 0003:000002bc       ?DloadSectionOldProtection@@3KA 00000001800092bc     Delayimp:delayhlp.obj
 0003:000002c0       ?DloadSectionCommitPermanent@@3KA 00000001800092c0     Delayimp:delayhlp.obj
 0003:000002d0       ?__type_info_root_node@@3U__type_info_node@@A 00000001800092d0     MSVCRT:tncleanup.obj
 0003:000002e4       __favor                    00000001800092e4     MSVCRT:cpu_disp.obj
 0003:000002e8       ?_OptionsStorage@?1??__local_stdio_printf_options@@9@4_KA 00000001800092e8     MSVCRT:default_local_stdio_options.obj
 0003:000002f0       ?_OptionsStorage@?1??__local_stdio_scanf_options@@9@4_KA 00000001800092f0     MSVCRT:default_local_stdio_options.obj
 0003:000002f8       __scrt_current_native_startup_state 00000001800092f8     MSVCRT:utility.obj
 0003:00000300       __scrt_native_startup_lock 0000000180009300     MSVCRT:utility.obj
 0003:00000340       __scrt_debugger_hook_flag  0000000180009340     MSVCRT:utility_desktop.obj
 0003:00000348       __dyn_tls_init_callback    0000000180009348     <common>
 0005:00000100       __common_ssin_reduction_data 000000018000b100     MSVCRT:svml_s_sin_data.obj
 0005:00000d00       __common_ssin_data         000000018000bd00     MSVCRT:svml_s_sin_data.obj

 entry point at        0001:00002bd8

 Static symbols

 0000:ffff0000       .debug$S                   0000000180000000     PhysXCooking_64.exp
 0000:ffff0000       .debug$S                   0000000180000000     ucrt:api-ms-win-crt-heap-l1-1-0.dll
 0000:ffff0000       .debug$S                   0000000180000000     ucrt:api-ms-win-crt-math-l1-1-0.dll
 0000:ffff0000       .debug$S                   0000000180000000     ucrt:api-ms-win-crt-math-l1-1-0.dll
 0002:ffffa000       .idata$6                   0000000180000000     ucrt:api-ms-win-crt-math-l1-1-0.dll
 0000:ffff0000       .debug$S                   0000000180000000     ucrt:api-ms-win-crt-runtime-l1-1-0.dll
 0000:ffff0000       .debug$S                   0000000180000000     ucrt:api-ms-win-crt-runtime-l1-1-0.dll
 0000:ffff0000       .debug$S                   0000000180000000     ucrt:api-ms-win-crt-runtime-l1-1-0.dll
 0000:ffff0000       .debug$S                   0000000180000000     ucrt:api-ms-win-crt-runtime-l1-1-0.dll
 0000:ffff0000       .debug$S                   0000000180000000     ucrt:api-ms-win-crt-runtime-l1-1-0.dll
 0000:ffff0000       .debug$S                   0000000180000000     ucrt:api-ms-win-crt-runtime-l1-1-0.dll
 0000:ffff0000       .debug$S                   0000000180000000     ucrt:api-ms-win-crt-runtime-l1-1-0.dll
 0000:ffff0000       .debug$S                   0000000180000000     ucrt:api-ms-win-crt-runtime-l1-1-0.dll
 0000:ffff0000       .debug$S                   0000000180000000     ucrt:api-ms-win-crt-runtime-l1-1-0.dll
 0000:ffff0000       .debug$S                   0000000180000000     ucrt:api-ms-win-crt-runtime-l1-1-0.dll
 0000:ffff0000       .debug$S                   0000000180000000     ucrt:api-ms-win-crt-runtime-l1-1-0.dll
 0000:ffff0000       .debug$S                   0000000180000000     ucrt:api-ms-win-crt-runtime-l1-1-0.dll
 0000:ffff0000       .debug$S                   0000000180000000     kernel32:KERNEL32.dll
 0000:ffff0000       .debug$S                   0000000180000000     kernel32:KERNEL32.dll
 0000:ffff0000       .debug$S                   0000000180000000     kernel32:KERNEL32.dll
 0000:ffff0000       .debug$S                   0000000180000000     kernel32:KERNEL32.dll
 0000:ffff0000       .debug$S                   0000000180000000     kernel32:KERNEL32.dll
 0000:ffff0000       .debug$S                   0000000180000000     kernel32:KERNEL32.dll
 0000:ffff0000       .debug$S                   0000000180000000     kernel32:KERNEL32.dll
 0000:ffff0000       .debug$S                   0000000180000000     kernel32:KERNEL32.dll
 0000:ffff0000       .debug$S                   0000000180000000     kernel32:KERNEL32.dll
 0000:ffff0000       .debug$S                   0000000180000000     kernel32:KERNEL32.dll
 0000:ffff0000       .debug$S                   0000000180000000     kernel32:KERNEL32.dll
 0000:ffff0000       .debug$S                   0000000180000000     kernel32:KERNEL32.dll
 0000:ffff0000       .debug$S                   0000000180000000     kernel32:KERNEL32.dll
 0000:ffff0000       .debug$S                   0000000180000000     kernel32:KERNEL32.dll
 0000:ffff0000       .debug$S                   0000000180000000     kernel32:KERNEL32.dll
 0000:ffff0000       .debug$S                   0000000180000000     kernel32:KERNEL32.dll
 0000:ffff0000       .debug$S                   0000000180000000     kernel32:KERNEL32.dll
 0000:ffff0000       .debug$S                   0000000180000000     kernel32:KERNEL32.dll
 0000:ffff0000       .debug$S                   0000000180000000     kernel32:KERNEL32.dll
 0000:ffff0000       .debug$S                   0000000180000000     kernel32:KERNEL32.dll
 0000:ffff0000       .debug$S                   0000000180000000     kernel32:KERNEL32.dll
 0000:ffff0000       .debug$S                   0000000180000000     kernel32:KERNEL32.dll
 0000:ffff0000       .debug$S                   0000000180000000     kernel32:KERNEL32.dll
 0000:ffff0000       .debug$S                   0000000180000000     kernel32:KERNEL32.dll
 0000:ffff0000       .debug$S                   0000000180000000     vcruntime:VCRUNTIME140.dll
 0000:ffff0000       .debug$S                   0000000180000000     vcruntime:VCRUNTIME140.dll
 0000:ffff0000       .debug$S                   0000000180000000     vcruntime:VCRUNTIME140.dll
 0000:ffff0000       .debug$S                   0000000180000000     vcruntime:VCRUNTIME140.dll
 0000:ffff0000       .debug$S                   0000000180000000     vcruntime:VCRUNTIME140.dll
 0000:ffff0000       .debug$S                   0000000180000000     vcruntime:VCRUNTIME140.dll
 0000:ffff0000       .debug$S                   0000000180000000     vcruntime:VCRUNTIME140.dll
 0000:ffff0000       .debug$S                   0000000180000000     vcruntime:VCRUNTIME140.dll
 0000:ffff0000       .debug$S                   0000000180000000     vcruntime:VCRUNTIME140.dll
 0000:ffff0000       .debug$S                   0000000180000000     PhysXCommon_64:PhysXCommon_64.dll
 0000:ffff0000       .debug$S                   0000000180000000     PhysXCommon_64:PhysXCommon_64.dll
 0000:ffff0000       .debug$S                   0000000180000000     PhysXCommon_64:PhysXCommon_64.dll
 0000:ffff0000       .debug$S                   0000000180000000     PhysXCommon_64:PhysXCommon_64.dll
 0000:ffff0000       .debug$S                   0000000180000000     PhysXCommon_64:PhysXCommon_64.dll
 0000:ffff0000       .debug$S                   0000000180000000     PhysXCommon_64:PhysXCommon_64.dll
 0000:ffff0000       .debug$S                   0000000180000000     PhysXCommon_64:PhysXCommon_64.dll
 0000:ffff0000       .debug$S                   0000000180000000     PhysXCommon_64:PhysXCommon_64.dll
 0000:ffff0000       .debug$S                   0000000180000000     PhysXCommon_64:PhysXCommon_64.dll
 0000:ffff0000       .debug$S                   0000000180000000     PhysXCommon_64:PhysXCommon_64.dll
 0000:ffff0000       .debug$S                   0000000180000000     PhysXCommon_64:PhysXCommon_64.dll
 0000:ffff0000       .debug$S                   0000000180000000     PhysXCommon_64:PhysXCommon_64.dll
 0000:ffff0000       .debug$S                   0000000180000000     PhysXCommon_64:PhysXCommon_64.dll
 0000:ffff0000       .debug$S                   0000000180000000     PhysXCommon_64:PhysXCommon_64.dll
 0000:ffff0000       .debug$S                   0000000180000000     PhysXCommon_64:PhysXCommon_64.dll
 0000:ffff0000       .debug$S                   0000000180000000     PhysXCommon_64:PhysXCommon_64.dll
 0000:ffff0000       .debug$S                   0000000180000000     PhysXCommon_64:PhysXCommon_64.dll
 0000:ffff0000       .debug$S                   0000000180000000     PhysXCommon_64:PhysXCommon_64.dll
 0000:ffff0000       .debug$S                   0000000180000000     PhysXCommon_64:PhysXCommon_64.dll
 0000:ffff0000       .debug$S                   0000000180000000     PhysXCommon_64:PhysXCommon_64.dll
 0000:ffff0000       .debug$S                   0000000180000000     PhysXCommon_64:PhysXCommon_64.dll
 0000:ffff0000       .debug$S                   0000000180000000     PhysXCommon_64:PhysXCommon_64.dll
 0000:ffff0000       .debug$S                   0000000180000000     PhysXCommon_64:PhysXCommon_64.dll
 0000:ffff0000       .debug$S                   0000000180000000     PhysXCommon_64:PhysXCommon_64.dll
 0000:ffff0000       .debug$S                   0000000180000000     PhysXFoundation_64:PhysXFoundation_64.dll
 0000:ffff0000       .debug$S                   0000000180000000     PhysXFoundation_64:PhysXFoundation_64.dll
 0000:ffff0000       .debug$S                   0000000180000000     PhysXFoundation_64:PhysXFoundation_64.dll
 0000:ffff0000       .debug$S                   0000000180000000     PhysXFoundation_64:PhysXFoundation_64.dll
 0001:00000000       ??__EmaxFError@vecMathTests@aos@physx@@YAXXZ 0000000180001000 f   Cooking.obj
 0001:00000010       ??__EmaxV3Error@vecMathTests@aos@physx@@YAXXZ 0000000180001010 f   Cooking.obj
 0001:00000020       ??__EmaxV4Error@vecMathTests@aos@physx@@YAXXZ 0000000180001020 f   Cooking.obj
 0001:00000030       ??__EminFError@vecMathTests@aos@physx@@YAXXZ 0000000180001030 f   Cooking.obj
 0001:00000040       ??__EminV3Error@vecMathTests@aos@physx@@YAXXZ 0000000180001040 f   Cooking.obj
 0001:00000050       ??__EminV4Error@vecMathTests@aos@physx@@YAXXZ 0000000180001050 f   Cooking.obj
 0001:00001e50       $LN24                      0000000180002e50     WindowsCookingDelayLoadHook.obj
 0001:00002800       $$000000                   0000000180003800     MSVCRT:svml_ssinf4_dispatch.obj
 0001:000028b8       ?dllmain_crt_dispatch@@YAHQEAUHINSTANCE__@@KQEAX@Z 00000001800038b8 f   MSVCRT:dll_dllmain.obj
 0001:00002908       ?dllmain_crt_process_attach@@YAHQEAUHINSTANCE__@@QEAX@Z 0000000180003908 f   MSVCRT:dll_dllmain.obj
 0001:00002a20       ?dllmain_crt_process_detach@@YAH_N@Z 0000000180003a20 f   MSVCRT:dll_dllmain.obj
 0001:00002aa4       ?dllmain_dispatch@@YAHQEAUHINSTANCE__@@KQEAX@Z 0000000180003aa4 f   MSVCRT:dll_dllmain.obj
 0001:00002dd0       $$000000                   0000000180003dd0     MSVCRT:svml_ssinf4_sse2.obj
 0001:00003710       $$000000                   0000000180004710     MSVCRT:svml_ssinf4_sse4.obj
 0001:00004480       $$000000                   0000000180005480     MSVCRT:svml_s_sin_cout.obj
 0001:00004570       $$000000                   0000000180005570     MSVCRT:guard_dispatch.obj
 0001:00004590       $$000000                   0000000180005590     MSVCRT:guard_xfg_dispatch.obj
 0001:000045a6       ?fin$0@?0??dllmain_crt_process_attach@@YAHQEAUHINSTANCE__@@QEAX@Z@4HA 00000001800055a6 f   MSVCRT:dll_dllmain.obj
 0001:000045bd       ?fin$0@?0??dllmain_crt_process_detach@@YAH_N@Z@4HA 00000001800055bd f   MSVCRT:dll_dllmain.obj
 0001:000045d6       ?fin$1@?0??dllmain_crt_process_detach@@YAH_N@Z@4HA 00000001800055d6 f   MSVCRT:dll_dllmain.obj
 0001:000045ea       ?filt$0@?0??dllmain_dispatch@@YAHQEAUHINSTANCE__@@KQEAX@Z@4HA 00000001800055ea f   MSVCRT:dll_dllmain.obj
 0001:00004620       __scrt_is_nonwritable_in_current_image$filt$0 0000000180005620 f   MSVCRT:utility.obj
 0002:00000198       ?minFError$initializer$@vecMathTests@aos@physx@@3P6AXXZEA 0000000180006198     Cooking.obj
 0002:000001a0       ?maxFError$initializer$@vecMathTests@aos@physx@@3P6AXXZEA 00000001800061a0     Cooking.obj
 0002:000001a8       ?minV3Error$initializer$@vecMathTests@aos@physx@@3P6AXXZEA 00000001800061a8     Cooking.obj
 0002:000001b0       ?maxV3Error$initializer$@vecMathTests@aos@physx@@3P6AXXZEA 00000001800061b0     Cooking.obj
 0002:000001b8       ?minV4Error$initializer$@vecMathTests@aos@physx@@3P6AXXZEA 00000001800061b8     Cooking.obj
 0002:000001c0       ?maxV4Error$initializer$@vecMathTests@aos@physx@@3P6AXXZEA 00000001800061c0     Cooking.obj
 0002:00000200       ?minus1w@?A0x549b27de@aos@physx@@3QBMB 0000000180006200     Cooking.obj
 0002:00000210       ?gMaskXYZ@internalWindowsSimd@aos@physx@@3QBIB 0000000180006210     Cooking.obj
 0002:00000610       L_abs_mask                 0000000180006610     MSVCRT:svml_ssinf4_dispatch.obj
 0002:00000620       L_real_one                 0000000180006620     MSVCRT:svml_ssinf4_dispatch.obj
 0002:00000630       L_one_half                 0000000180006630     MSVCRT:svml_ssinf4_dispatch.obj
 0002:00000640       L_two_to_neg_13            0000000180006640     MSVCRT:svml_ssinf4_dispatch.obj
 0002:00000650       L_pi_over_two              0000000180006650     MSVCRT:svml_ssinf4_dispatch.obj
 0002:00000660       L_pi_over_two2             0000000180006660     MSVCRT:svml_ssinf4_dispatch.obj
 0002:00000d78       $unwind$??_EPxFoundation@physx@@MEAAPEAXI@Z 0000000180006d78     Cooking.obj
 0002:00000d78       $unwind$??_GCooking@physx@@UEAAPEAXI@Z 0000000180006d78     Cooking.obj
 0002:00000d78       $unwind$??_GPxCooking@physx@@MEAAPEAXI@Z 0000000180006d78     Cooking.obj
 0002:00000d78       $unwind$?DloadAcquireSectionWriteAccess@@YAXXZ 0000000180006d78     Delayimp:delayhlp.obj
 0002:00000d78       $unwind$??_Gtype_info@@UEAAPEAXI@Z 0000000180006d78     MSVCRT:std_type_info_static.obj
 0002:00000d78       $unwind$__scrt_initialize_crt 0000000180006d78     MSVCRT:utility.obj
 0002:00000d78       $unwind$__scrt_initialize_onexit_tables 0000000180006d78     MSVCRT:utility.obj
 0002:00000d78       $unwind$__scrt_release_startup_lock 0000000180006d78     MSVCRT:utility.obj
 0002:00000d78       $unwind$__scrt_uninitialize_crt 0000000180006d78     MSVCRT:utility.obj
 0002:00000d80       $chain$0$??_EPxFoundation@physx@@MEAAPEAXI@Z 0000000180006d80     Cooking.obj
 0002:00000d94       $chain$1$??_EPxFoundation@physx@@MEAAPEAXI@Z 0000000180006d94     Cooking.obj
 0002:00000da4       $unwind$PxCreateBVHInternal 0000000180006da4     Cooking.obj
 0002:00000da4       $unwind$PxCreateCooking    0000000180006da4     Cooking.obj
 0002:00000da4       $unwind$PxCreateTriangleMeshInternal 0000000180006da4     Cooking.obj
 0002:00000db0       $unwind$?release@Cooking@physx@@UEAAXXZ 0000000180006db0     Cooking.obj
 0002:00000db0       $unwind$?cookingDelayHook@@YAP6A_JXZIPEAUDelayLoadInfo@@@Z 0000000180006db0     WindowsCookingDelayLoadHook.obj
 0002:00000db0       $unwind$?DloadReleaseSectionWriteAccess@@YAXXZ 0000000180006db0     Delayimp:delayhlp.obj
 0002:00000db0       $unwind$__scrt_initialize_default_local_stdio_options 0000000180006db0     MSVCRT:default_local_stdio_options.obj
 0002:00000db0       $unwind$?dllmain_crt_dispatch@@YAHQEAUHINSTANCE__@@KQEAX@Z 0000000180006db0     MSVCRT:dll_dllmain.obj
 0002:00000db0       $unwind$DllMain            0000000180006db0     MSVCRT:dll_dllmain_stub.obj
 0002:00000db0       $unwind$__scrt_acquire_startup_lock 0000000180006db0     MSVCRT:utility.obj
 0002:00000db0       $unwind$__scrt_dllmain_after_initialize_c 0000000180006db0     MSVCRT:utility.obj
 0002:00000db0       $unwind$__scrt_dllmain_before_initialize_c 0000000180006db0     MSVCRT:utility.obj
 0002:00000db0       $unwind$__scrt_dllmain_crt_thread_attach 0000000180006db0     MSVCRT:utility.obj
 0002:00000db0       $unwind$__scrt_dllmain_crt_thread_detach 0000000180006db0     MSVCRT:utility.obj
 0002:00000db0       $unwind$__scrt_dllmain_uninitialize_c 0000000180006db0     MSVCRT:utility.obj
 0002:00000db0       $unwind$__scrt_dllmain_uninitialize_critical 0000000180006db0     MSVCRT:utility.obj
 0002:00000db8       $unwind$?assembleSoftBodyMesh@Cooking@physx@@UEBAPEAVPxSoftBodyMesh@2@AEAVPxTetrahedronMeshData@2@AEAVPxSoftBodySimulationData@2@0AEAVPxSoftBodyCollisionData@2@AEAVPxCollisionMeshMappingData@2@AEAVPxInsertionCallback@2@@Z 0000000180006db8     Cooking.obj
 0002:00000dc0       $unwind$??1AABBTreeBuildParams@Gu@physx@@QEAA@XZ 0000000180006dc0     Cooking.obj
 0002:00000dc0       $unwind$?outputSegment@PxRenderOutput@physx@@QEAAXAEBV?$PxVec3T@M@2@0@Z 0000000180006dc0     Cooking.obj
 0002:00000dc0       $unwind$?reset@AABBTreeBuildParams@Gu@physx@@QEAAXXZ 0000000180006dc0     Cooking.obj
 0002:00000dc0       $unwind$_DllMainCRTStartup 0000000180006dc0     MSVCRT:dll_dllmain.obj
 0002:00000dd0       $unwind$?allocate@?$PxArray@USlab@NodeAllocator@Gu@physx@@V?$PxReflectionAllocator@USlab@NodeAllocator@Gu@physx@@@4@@physx@@IEAAPEAUSlab@NodeAllocator@Gu@2@I@Z 0000000180006dd0     Cooking.obj
 0002:00000dd8       $chain$1$?allocate@?$PxArray@USlab@NodeAllocator@Gu@physx@@V?$PxReflectionAllocator@USlab@NodeAllocator@Gu@physx@@@4@@physx@@IEAAPEAUSlab@NodeAllocator@Gu@2@I@Z 0000000180006dd8     Cooking.obj
 0002:00000df0       $chain$3$?allocate@?$PxArray@USlab@NodeAllocator@Gu@physx@@V?$PxReflectionAllocator@USlab@NodeAllocator@Gu@physx@@@4@@physx@@IEAAPEAUSlab@NodeAllocator@Gu@2@I@Z 0000000180006df0     Cooking.obj
 0002:00000e04       $chain$4$?allocate@?$PxArray@USlab@NodeAllocator@Gu@physx@@V?$PxReflectionAllocator@USlab@NodeAllocator@Gu@physx@@@4@@physx@@IEAAPEAUSlab@NodeAllocator@Gu@2@I@Z 0000000180006e04     Cooking.obj
 0002:00000e14       $unwind$?recreate@?$PxArray@USlab@NodeAllocator@Gu@physx@@V?$PxReflectionAllocator@USlab@NodeAllocator@Gu@physx@@@4@@physx@@IEAAXI@Z 0000000180006e14     Cooking.obj
 0002:00000e24       $chain$0$?recreate@?$PxArray@USlab@NodeAllocator@Gu@physx@@V?$PxReflectionAllocator@USlab@NodeAllocator@Gu@physx@@@4@@physx@@IEAAXI@Z 0000000180006e24     Cooking.obj
 0002:00000e38       $chain$1$?recreate@?$PxArray@USlab@NodeAllocator@Gu@physx@@V?$PxReflectionAllocator@USlab@NodeAllocator@Gu@physx@@@4@@physx@@IEAAXI@Z 0000000180006e38     Cooking.obj
 0002:00000e48       $unwind$??$copy@V?$PxReflectionAllocator@USlab@NodeAllocator@Gu@physx@@@physx@@@?$PxArray@USlab@NodeAllocator@Gu@physx@@V?$PxReflectionAllocator@USlab@NodeAllocator@Gu@physx@@@4@@physx@@IEAAXAEBV01@@Z 0000000180006e48     Cooking.obj
 0002:00000e48       $unwind$??0NodeAllocator@Gu@physx@@QEAA@AEBV012@@Z 0000000180006e48     Cooking.obj
 0002:00000e48       $unwind$?DloadGetSRWLockFunctionPointers@@YAEXZ 0000000180006e48     Delayimp:delayhlp.obj
 0002:00000e48       $unwind$_RTC_Initialize    0000000180006e48     MSVCRT:initsect.obj
 0002:00000e48       $unwind$_RTC_Terminate     0000000180006e48     MSVCRT:initsect.obj
 0002:00000e54       $unwind$??4NodeAllocator@Gu@physx@@QEAAAEAV012@AEBV012@@Z 0000000180006e54     Cooking.obj
 0002:00000e68       $unwind$??6PxRenderOutput@physx@@QEAAAEAV01@AEBV?$PxTransformT@M@1@@Z 0000000180006e68     Cooking.obj
 0002:00000e90       $unwind$??6PxRenderOutput@physx@@QEAAAEAV01@AEBV?$PxVec3T@M@1@@Z 0000000180006e90     Cooking.obj
 0002:00000ea8       $unwind$?outputCapsule@PxRenderOutput@physx@@QEAAAEAV12@MMAEBV?$PxMat44T@M@2@@Z 0000000180006ea8     Cooking.obj
 0002:00000ee8       $chain$1$?cookingDelayHook@@YAP6A_JXZIPEAUDelayLoadInfo@@@Z 0000000180006ee8     WindowsCookingDelayLoadHook.obj
 0002:00000f00       $chain$3$?cookingDelayHook@@YAP6A_JXZIPEAUDelayLoadInfo@@@Z 0000000180006f00     WindowsCookingDelayLoadHook.obj
 0002:00000f00       $chain$5$?cookingDelayHook@@YAP6A_JXZIPEAUDelayLoadInfo@@@Z 0000000180006f00     WindowsCookingDelayLoadHook.obj
 0002:00000f18       $chain$6$?cookingDelayHook@@YAP6A_JXZIPEAUDelayLoadInfo@@@Z 0000000180006f18     WindowsCookingDelayLoadHook.obj
 0002:00000f28       xdata                      0000000180006f28     PhysXCommon_64:PhysXCommon_64.dll
 0002:00000f30       xdata                      0000000180006f30     PhysXFoundation_64:PhysXFoundation_64.dll
 0002:00000f38       $unwind$?DloadObtainSection@@YAPEAXPEAK0@Z 0000000180006f38     Delayimp:delayhlp.obj
 0002:00000f48       $unwind$?DloadMakePermanentImageCommit@@YAXPEAX_K@Z 0000000180006f48     Delayimp:delayhlp.obj
 0002:00000f54       $unwind$?DloadProtectSection@@YAXKPEAK@Z 0000000180006f54     Delayimp:delayhlp.obj
 0002:00000f64       $unwind$__delayLoadHelper2 0000000180006f64     Delayimp:delayhlp.obj
 0002:00000f80       $unwind$?dllmain_crt_process_attach@@YAHQEAUHINSTANCE__@@QEAX@Z 0000000180006f80     MSVCRT:dll_dllmain.obj
 0002:00000fbc       $unwind$?fin$0@?0??dllmain_crt_process_attach@@YAHQEAUHINSTANCE__@@QEAX@Z@4HA 0000000180006fbc     MSVCRT:dll_dllmain.obj
 0002:00000fbc       $unwind$?fin$0@?0??dllmain_crt_process_detach@@YAH_N@Z@4HA 0000000180006fbc     MSVCRT:dll_dllmain.obj
 0002:00000fbc       $unwind$?fin$1@?0??dllmain_crt_process_detach@@YAH_N@Z@4HA 0000000180006fbc     MSVCRT:dll_dllmain.obj
 0002:00000fc4       $unwind$?dllmain_crt_process_detach@@YAH_N@Z 0000000180006fc4     MSVCRT:dll_dllmain.obj
 0002:00001018       $unwind$?dllmain_dispatch@@YAHQEAUHINSTANCE__@@KQEAX@Z 0000000180007018     MSVCRT:dll_dllmain.obj
 0002:00001040       $unwind$?filt$0@?0??dllmain_dispatch@@YAHQEAUHINSTANCE__@@KQEAX@Z@4HA 0000000180007040     MSVCRT:dll_dllmain.obj
 0002:00001048       $unwind$__isa_available_init 0000000180007048     MSVCRT:cpu_disp.obj
 0002:00001058       $xdatasym                  0000000180007058     MSVCRT:svml_ssinf4_sse2.obj
 0002:00001090       $xdatasym                  0000000180007090     MSVCRT:svml_ssinf4_sse4.obj
 0002:000010c4       $unwind$__security_init_cookie 00000001800070c4     MSVCRT:gs_support.obj
 0002:000010d0       $unwind$__scrt_is_nonwritable_in_current_image 00000001800070d0     MSVCRT:utility.obj
 0002:000010f0       $unwind$__scrt_is_nonwritable_in_current_image$filt$0 00000001800070f0     MSVCRT:utility.obj
 0002:000010f8       $unwind$__scrt_dllmain_exception_filter 00000001800070f8     MSVCRT:utility.obj
 0002:0000110c       $unwind$__scrt_fastfail    000000018000710c     MSVCRT:utility_desktop.obj
 0002:00001120       $xdatasym                  0000000180007120     MSVCRT:guard_dispatch.obj
 0002:00001128       $xdatasym                  0000000180007128     MSVCRT:guard_xfg_dispatch.obj
 0002:00001130       $xdatasym                  0000000180007130     MSVCRT:svml_s_sin_cout.obj
 0002:00001640       .edata                     0000000180007640     PhysXCooking_64.exp
 0002:00001668       rgpv                       0000000180007668     PhysXCooking_64.exp
 0002:00001780       rgszName                   0000000180007780     PhysXCooking_64.exp
 0002:00001898       rgwOrd                     0000000180007898     PhysXCooking_64.exp
 0002:00001924       szName                     0000000180007924     PhysXCooking_64.exp
 0002:00001938       $N00001                    0000000180007938     PhysXCooking_64.exp
 0002:0000195c       $N00002                    000000018000795c     PhysXCooking_64.exp
 0002:0000198b       $N00003                    000000018000798b     PhysXCooking_64.exp
 0002:000019b2       $N00004                    00000001800079b2     PhysXCooking_64.exp
 0002:00001a09       $N00005                    0000000180007a09     PhysXCooking_64.exp
 0002:00001a34       $N00006                    0000000180007a34     PhysXCooking_64.exp
 0002:00001a5a       $N00007                    0000000180007a5a     PhysXCooking_64.exp
 0002:00001a79       $N00008                    0000000180007a79     PhysXCooking_64.exp
 0002:00001aaf       $N00009                    0000000180007aaf     PhysXCooking_64.exp
 0002:00001ad7       $N00010                    0000000180007ad7     PhysXCooking_64.exp
 0002:00001afb       $N00011                    0000000180007afb     PhysXCooking_64.exp
 0002:00001b22       $N00012                    0000000180007b22     PhysXCooking_64.exp
 0002:00001b4b       $N00013                    0000000180007b4b     PhysXCooking_64.exp
 0002:00001b6a       $N00014                    0000000180007b6a     PhysXCooking_64.exp
 0002:00001b9d       $N00015                    0000000180007b9d     PhysXCooking_64.exp
 0002:00001bd3       $N00016                    0000000180007bd3     PhysXCooking_64.exp
 0002:00001c0b       $N00017                    0000000180007c0b     PhysXCooking_64.exp
 0002:00001c3d       $N00018                    0000000180007c3d     PhysXCooking_64.exp
 0002:00001c69       $N00019                    0000000180007c69     PhysXCooking_64.exp
 0002:00001ca3       $N00020                    0000000180007ca3     PhysXCooking_64.exp
 0002:00001ce1       $N00021                    0000000180007ce1     PhysXCooking_64.exp
 0002:00001d1a       $N00022                    0000000180007d1a     PhysXCooking_64.exp
 0002:00001d42       $N00023                    0000000180007d42     PhysXCooking_64.exp
 0002:00001d78       $N00024                    0000000180007d78     PhysXCooking_64.exp
 0002:00001d94       $N00025                    0000000180007d94     PhysXCooking_64.exp
 0002:00001dbe       $N00026                    0000000180007dbe     PhysXCooking_64.exp
 0002:00001dfa       $N00027                    0000000180007dfa     PhysXCooking_64.exp
 0002:00001e35       $N00028                    0000000180007e35     PhysXCooking_64.exp
 0002:00001e70       $N00029                    0000000180007e70     PhysXCooking_64.exp
 0002:00001ea5       $N00030                    0000000180007ea5     PhysXCooking_64.exp
 0002:00001ee1       $N00031                    0000000180007ee1     PhysXCooking_64.exp
 0002:00001f14       $N00032                    0000000180007f14     PhysXCooking_64.exp
 0002:00001f47       $N00033                    0000000180007f47     PhysXCooking_64.exp
 0002:00001f81       $N00034                    0000000180007f81     PhysXCooking_64.exp
 0002:00001fbb       $N00035                    0000000180007fbb     PhysXCooking_64.exp
 0002:00001fe8       $N00036                    0000000180007fe8     PhysXCooking_64.exp
 0002:0000201b       $N00037                    000000018000801b     PhysXCooking_64.exp
 0002:00002063       $N00038                    0000000180008063     PhysXCooking_64.exp
 0002:000020a3       $N00039                    00000001800080a3     PhysXCooking_64.exp
 0002:000020d1       $N00040                    00000001800080d1     PhysXCooking_64.exp
 0002:00002111       $N00041                    0000000180008111     PhysXCooking_64.exp
 0002:00002152       $N00042                    0000000180008152     PhysXCooking_64.exp
 0002:0000217f       $N00043                    000000018000817f     PhysXCooking_64.exp
 0002:000021bb       $N00044                    00000001800081bb     PhysXCooking_64.exp
 0002:000021f8       $N00045                    00000001800081f8     PhysXCooking_64.exp
 0002:00002228       $N00046                    0000000180008228     PhysXCooking_64.exp
 0002:0000223f       $N00047                    000000018000823f     PhysXCooking_64.exp
 0002:0000225a       $N00048                    000000018000825a     PhysXCooking_64.exp
 0002:00002271       $N00049                    0000000180008271     PhysXCooking_64.exp
 0002:00002287       $N00050                    0000000180008287     PhysXCooking_64.exp
 0002:0000229e       $N00051                    000000018000829e     PhysXCooking_64.exp
 0002:000022b6       $N00052                    00000001800082b6     PhysXCooking_64.exp
 0002:000022c0       $N00053                    00000001800082c0     PhysXCooking_64.exp
 0002:000022d1       $N00054                    00000001800082d1     PhysXCooking_64.exp
 0002:000022e3       $N00055                    00000001800082e3     PhysXCooking_64.exp
 0002:000022f6       $N00056                    00000001800082f6     PhysXCooking_64.exp
 0002:0000230c       $N00057                    000000018000830c     PhysXCooking_64.exp
 0002:0000231f       $N00058                    000000018000831f     PhysXCooking_64.exp
 0002:0000232b       $N00059                    000000018000832b     PhysXCooking_64.exp
 0002:0000233f       $N00060                    000000018000833f     PhysXCooking_64.exp
 0002:00002352       $N00061                    0000000180008352     PhysXCooking_64.exp
 0002:00002362       $N00062                    0000000180008362     PhysXCooking_64.exp
 0002:00002376       $N00063                    0000000180008376     PhysXCooking_64.exp
 0002:0000238b       $N00064                    000000018000838b     PhysXCooking_64.exp
 0002:000023a3       $N00065                    00000001800083a3     PhysXCooking_64.exp
 0002:000023b8       $N00066                    00000001800083b8     PhysXCooking_64.exp
 0002:000023d5       $N00067                    00000001800083d5     PhysXCooking_64.exp
 0002:000023f6       $N00068                    00000001800083f6     PhysXCooking_64.exp
 0002:00002415       $N00069                    0000000180008415     PhysXCooking_64.exp
 0002:0000242a       $N00070                    000000018000842a     PhysXCooking_64.exp
 0002:00002610       .idata$6                   0000000180008610     kernel32:KERNEL32.dll
 0002:0000268e       .idata$6                   000000018000868e     vcruntime:VCRUNTIME140.dll
 0002:00002758       .idata$6                   0000000180008758     ucrt:api-ms-win-crt-heap-l1-1-0.dll
 0002:00002778       .idata$6                   0000000180008778     ucrt:api-ms-win-crt-runtime-l1-1-0.dll
 0003:00000220       ?maxV3Error@vecMathTests@aos@physx@@3T__m128@@B 0000000180009220     Cooking.obj
 0003:00000230       ?minFError@vecMathTests@aos@physx@@3T__m128@@B 0000000180009230     Cooking.obj
 0003:00000240       ?maxV4Error@vecMathTests@aos@physx@@3T__m128@@B 0000000180009240     Cooking.obj
 0003:00000250       ?minV4Error@vecMathTests@aos@physx@@3T__m128@@B 0000000180009250     Cooking.obj
 0003:00000260       ?minV3Error@vecMathTests@aos@physx@@3T__m128@@B 0000000180009260     Cooking.obj
 0003:00000270       ?maxFError@vecMathTests@aos@physx@@3T__m128@@B 0000000180009270     Cooking.obj
 0003:00000280       ?gCookingDelayLoadHook@@3PEBVPxDelayLoadHook@physx@@EB 0000000180009280     WindowsCookingDelayLoadHook.obj
 0003:000002e0       ?__proc_attached@@3HA      00000001800092e0     MSVCRT:dll_dllmain.obj
 0003:00000308       ?is_initialized_as_dll@@3_NA 0000000180009308     MSVCRT:utility.obj
 0003:00000309       ?module_local_atexit_table_initialized@@3_NA 0000000180009309     MSVCRT:utility.obj
 0003:00000310       ?module_local_atexit_table@@3U_onexit_table_t@@A 0000000180009310     MSVCRT:utility.obj
 0003:00000328       ?module_local_at_quick_exit_table@@3U_onexit_table_t@@A 0000000180009328     MSVCRT:utility.obj
 0005:00000000       _2il0floatpacket$19        000000018000b000     MSVCRT:svml_ssinf4_sse2.obj
 0005:00002200       _vmlsSinHATab              000000018000d200     MSVCRT:svml_s_sin_cout.obj
 0006:000000a0       $R000000                   000000018000e0a0     PhysXCooking.res
 0006:000003d0       $R000330                   000000018000e3d0     PhysXCooking.res
